C51 COMPILER V9.60.0.0   EXTINTERRUPT                                                      07/15/2022 12:54:52 PAGE 1   


C51 COMPILER V9.60.0.0, COMPILATION OF MODULE EXTINTERRUPT
OBJECT MODULE PLACED IN .\Objects\extInterrupt.obj
COMPILER INVOKED BY: C:\Keil_v5\C51\BIN\C51.EXE extInterrupt.c OPTIMIZE(8,SPEED) BROWSE DEBUG OBJECTEXTEND PRINT(.\Listi
                    -ngs\extInterrupt.lst) TABS(2) OBJECT(.\Objects\extInterrupt.obj)

line level    source

   1          /*External Interrupt Driver*/
   2          
   3          #include "header.h"
   4          
   5          void enableInt0(void) {
   6   1        EA = EX0 =1; //enable externel interupt 
   7   1        IT0 = 1; // INT0 edge triggered  
   8   1      }
   9          
  10          void externelInterrupt_Handler(void) interrupt 0 {
  11   1        setTime();
  12   1        setDate();
  13   1      }


MODULE INFORMATION:   STATIC OVERLAYABLE
   CODE SIZE        =     69    ----
   CONSTANT SIZE    =   ----    ----
   XDATA SIZE       =   ----    ----
   PDATA SIZE       =   ----    ----
   DATA SIZE        =   ----    ----
   IDATA SIZE       =   ----    ----
   BIT SIZE         =   ----    ----
END OF MODULE INFORMATION.


C51 COMPILATION COMPLETE.  0 WARNING(S),  0 ERROR(S)
